// Jest Snapshot v1, https://goo.gl/fbAQLP

exports[`Error loading component correctly renders 1`] = `
<h1
  style={
    Object {
      "lineHeight": "2em",
      "marginTop": "200px",
      "textAlign": "center",
    }
  }
>
  Произошла ошибка 
  error
  . Попробуйте загрузить страницу попозже.
</h1>
`;
